// Jest Snapshot v1, https://goo.gl/fbAQLP

exports[`testing card 1`] = `
<DocumentFragment>
  <div
    class="bg-light-green dib br3 pa3 ma2 grow bw2 shadow-5"
    data-testid="card"
  >
    <img
      alt="robot"
      src="https://robohash.org/undefined?200*200"
    />
    <div>
      <h2 />
      <p />
    </div>
  </div>
</DocumentFragment>
`;
